{a: 3}
{a: 27}
{d: 12, a: 48, c: 8, b: 2}
a => 3
a => 1
c => 3
b => 2

