Type in your name: 
Your name is: Kevin
Also Kevin is awesome
