double quoted 
single quoted 
double	quoted
with escapes 
single	quoted
with escapes 
'double quotes' 
"single quotes" 
"double quotes with escapes" 
'single quotes with escapes' 

